Archive member included to satisfy reference by file (symbol)

/usr/bin/../lib/gcc/arm-none-eabi/5.2.1/../../../../arm-none-eabi/lib/armv7-m/libc.a(lib_a-rand.o)
                              ../etk/src/evopid.o (rand)
/usr/bin/../lib/gcc/arm-none-eabi/5.2.1/../../../../arm-none-eabi/lib/armv7-m/libc.a(lib_a-sf_fpclassify.o)
                              ../etk/src/rope.o (__fpclassifyf)
/usr/bin/../lib/gcc/arm-none-eabi/5.2.1/../../../../arm-none-eabi/lib/armv7-m/libc.a(lib_a-impure.o)
                              /usr/bin/../lib/gcc/arm-none-eabi/5.2.1/../../../../arm-none-eabi/lib/armv7-m/libc.a(lib_a-rand.o) (_impure_ptr)
/usr/bin/../lib/gcc/arm-none-eabi/5.2.1/../../../../arm-none-eabi/lib/armv7-m/libm.a(lib_a-s_cos.o)
                              ../etk/src/navigation.o (cos)
/usr/bin/../lib/gcc/arm-none-eabi/5.2.1/../../../../arm-none-eabi/lib/armv7-m/libm.a(lib_a-s_sin.o)
                              ../etk/src/navigation.o (sin)
/usr/bin/../lib/gcc/arm-none-eabi/5.2.1/../../../../arm-none-eabi/lib/armv7-m/libm.a(lib_a-sf_round.o)
                              ../etk/src/rope.o (roundf)
/usr/bin/../lib/gcc/arm-none-eabi/5.2.1/../../../../arm-none-eabi/lib/armv7-m/libm.a(lib_a-w_acos.o)
                              ../etk/src/navigation.o (acos)
/usr/bin/../lib/gcc/arm-none-eabi/5.2.1/../../../../arm-none-eabi/lib/armv7-m/libm.a(lib_a-w_asin.o)
                              ../etk/src/navigation.o (asin)
/usr/bin/../lib/gcc/arm-none-eabi/5.2.1/../../../../arm-none-eabi/lib/armv7-m/libm.a(lib_a-w_atan2.o)
                              ../etk/src/navigation.o (atan2)
/usr/bin/../lib/gcc/arm-none-eabi/5.2.1/../../../../arm-none-eabi/lib/armv7-m/libm.a(lib_a-wf_atan2.o)
                              ../etk/src/navigation.o (atan2f)
/usr/bin/../lib/gcc/arm-none-eabi/5.2.1/../../../../arm-none-eabi/lib/armv7-m/libm.a(lib_a-e_acos.o)
                              /usr/bin/../lib/gcc/arm-none-eabi/5.2.1/../../../../arm-none-eabi/lib/armv7-m/libm.a(lib_a-w_acos.o) (__ieee754_acos)
/usr/bin/../lib/gcc/arm-none-eabi/5.2.1/../../../../arm-none-eabi/lib/armv7-m/libm.a(lib_a-e_asin.o)
                              /usr/bin/../lib/gcc/arm-none-eabi/5.2.1/../../../../arm-none-eabi/lib/armv7-m/libm.a(lib_a-w_asin.o) (__ieee754_asin)
/usr/bin/../lib/gcc/arm-none-eabi/5.2.1/../../../../arm-none-eabi/lib/armv7-m/libm.a(lib_a-e_atan2.o)
                              /usr/bin/../lib/gcc/arm-none-eabi/5.2.1/../../../../arm-none-eabi/lib/armv7-m/libm.a(lib_a-w_atan2.o) (__ieee754_atan2)
/usr/bin/../lib/gcc/arm-none-eabi/5.2.1/../../../../arm-none-eabi/lib/armv7-m/libm.a(lib_a-e_rem_pio2.o)
                              /usr/bin/../lib/gcc/arm-none-eabi/5.2.1/../../../../arm-none-eabi/lib/armv7-m/libm.a(lib_a-s_cos.o) (__ieee754_rem_pio2)
/usr/bin/../lib/gcc/arm-none-eabi/5.2.1/../../../../arm-none-eabi/lib/armv7-m/libm.a(lib_a-e_sqrt.o)
                              /usr/bin/../lib/gcc/arm-none-eabi/5.2.1/../../../../arm-none-eabi/lib/armv7-m/libm.a(lib_a-e_acos.o) (__ieee754_sqrt)
/usr/bin/../lib/gcc/arm-none-eabi/5.2.1/../../../../arm-none-eabi/lib/armv7-m/libm.a(lib_a-ef_atan2.o)
                              /usr/bin/../lib/gcc/arm-none-eabi/5.2.1/../../../../arm-none-eabi/lib/armv7-m/libm.a(lib_a-wf_atan2.o) (__ieee754_atan2f)
/usr/bin/../lib/gcc/arm-none-eabi/5.2.1/../../../../arm-none-eabi/lib/armv7-m/libm.a(lib_a-k_cos.o)
                              /usr/bin/../lib/gcc/arm-none-eabi/5.2.1/../../../../arm-none-eabi/lib/armv7-m/libm.a(lib_a-s_cos.o) (__kernel_cos)
/usr/bin/../lib/gcc/arm-none-eabi/5.2.1/../../../../arm-none-eabi/lib/armv7-m/libm.a(lib_a-k_rem_pio2.o)
                              /usr/bin/../lib/gcc/arm-none-eabi/5.2.1/../../../../arm-none-eabi/lib/armv7-m/libm.a(lib_a-e_rem_pio2.o) (__kernel_rem_pio2)
/usr/bin/../lib/gcc/arm-none-eabi/5.2.1/../../../../arm-none-eabi/lib/armv7-m/libm.a(lib_a-k_sin.o)
                              /usr/bin/../lib/gcc/arm-none-eabi/5.2.1/../../../../arm-none-eabi/lib/armv7-m/libm.a(lib_a-s_cos.o) (__kernel_sin)
/usr/bin/../lib/gcc/arm-none-eabi/5.2.1/../../../../arm-none-eabi/lib/armv7-m/libm.a(lib_a-s_atan.o)
                              /usr/bin/../lib/gcc/arm-none-eabi/5.2.1/../../../../arm-none-eabi/lib/armv7-m/libm.a(lib_a-e_atan2.o) (atan)
/usr/bin/../lib/gcc/arm-none-eabi/5.2.1/../../../../arm-none-eabi/lib/armv7-m/libm.a(lib_a-s_fabs.o)
                              /usr/bin/../lib/gcc/arm-none-eabi/5.2.1/../../../../arm-none-eabi/lib/armv7-m/libm.a(lib_a-w_acos.o) (fabs)
/usr/bin/../lib/gcc/arm-none-eabi/5.2.1/../../../../arm-none-eabi/lib/armv7-m/libm.a(lib_a-s_floor.o)
                              /usr/bin/../lib/gcc/arm-none-eabi/5.2.1/../../../../arm-none-eabi/lib/armv7-m/libm.a(lib_a-k_rem_pio2.o) (floor)
/usr/bin/../lib/gcc/arm-none-eabi/5.2.1/../../../../arm-none-eabi/lib/armv7-m/libm.a(lib_a-s_fpclassify.o)
[...]
Memory Configuration

Name             Origin             Length             Attributes
rom              0x08000000         0x00020000
ram              0x20000000         0x00005000
*default*        0x00000000         0xffffffff

Linker script and memory map

LOAD main.o
LOAD ../adc.o
LOAD ../clock.o
LOAD ../flash.o
LOAD ../gpio.o
LOAD ../i2c.o
LOAD ../spi.o
LOAD ../usart.o
LOAD ../etk/src/cout.o
LOAD ../etk/src/evopid.o
LOAD ../etk/src/navigation.o
LOAD ../etk/src/pid.o
LOAD ../etk/src/rope.o
LOAD ../etk/src/time.o
LOAD /usr/bin/../lib/gcc/arm-none-eabi/5.2.1/../../../../arm-none-eabi/lib/armv7-m/libc.a
LOAD /usr/bin/../lib/gcc/arm-none-eabi/5.2.1/../../../../arm-none-eabi/lib/armv7-m/libnosys.a
LOAD /usr/bin/../lib/gcc/arm-none-eabi/5.2.1/../../../../arm-none-eabi/lib/armv7-m/libm.a
LOAD ../libopencm3/libopencm3_stm32f1.a
START GROUP
LOAD /usr/bin/../lib/gcc/arm-none-eabi/5.2.1/armv7-m/libgcc.a
LOAD /usr/bin/../lib/gcc/arm-none-eabi/5.2.1/../../../../arm-none-eabi/lib/armv7-m/libc.a
END GROUP
                0x00000400                __main_stack_size__ = 0x400
                0x00000400                __process_stack_size__ = 0x400
                0x20000000                __ram_start__ = ORIGIN (ram)
                0x00005000                __ram_size__ = LENGTH (ram)
                0x20005000                __ram_end__ = (__ram_start__ + __ram_size__)

.text           0x08000000     0x37a0
 *(.vectors)
 .vectors       0x08000000      0x150 ../libopencm3/libopencm3_stm32f1.a(vector.o)
                0x08000000                vector_table
 *(.text*)
 .text          0x08000150       0x38 main.o
                0x08000150                main
 .text._ZN11UsartDriver3putEc
                0x08000188       0x24 main.o
                0x08000188                UsartDriver::put(char)
 .text._ZN3etk6StreamI11UsartDriverE5printEPKc
                0x080001ac       0x2c main.o
                0x080001ac                etk::Stream<UsartDriver>::print(char const*)
 .text          0x080001d8       0x50 ../clock.o
                0x080001d8                sys_tick_handler
                0x080001e4                clock_setup()
 .text          0x08000228      0xab0 ../i2c.o
                0x08000248                I2CMasterDriver::I2CMasterDriver(unsigned int)
                0x08000248                I2CMasterDriver::I2CMasterDriver(unsigned int)
                0x08000264                I2CMasterDriver::begin()
                0x08000330                I2CMasterDriver::end()
                0x0800034c                I2CMasterDriver::transmit(unsigned char, unsigned char*, unsigned int, unsigned char*, unsigned int)
 .text._ZN3etk4TimeC2ERS0_
                0x08000cd8       0x28 ../i2c.o
                0x08000cd8                etk::Time::Time(etk::Time&)
                0x08000cd8                etk::Time::Time(etk::Time&)
 .text._ZN3etk4Time12diff_time_msES0_
                0x08000d00       0x40 ../i2c.o
                0x08000d00                etk::Time::diff_time_ms(etk::Time)
 .text          0x08000d40      0x2c8 ../usart.o
                0x08000d40                UsartDriver::UsartDriver(unsigned int)
                0x08000d40                UsartDriver::UsartDriver(unsigned int)
                0x08000d74                UsartDriver::begin(unsigned int, unsigned int, unsigned int, unsigned int)
                0x08000ea0                UsartDriver::end()
                0x08000ebc                usart1_isr
                0x08000f04                usart2_isr
                0x08000f54                usart3_isr
 .text._ZN3etk6StreamI11UsartDriverEC2Ev
                0x08001008       0x14 ../usart.o
                0x08001008                etk::Stream<UsartDriver>::Stream()
                0x08001008                etk::Stream<UsartDriver>::Stream()
 .text._ZN3etk10RingBufferIhLb0EEC2EPht
                0x0800101c       0x34 ../usart.o
                0x0800101c                etk::RingBuffer<unsigned char, false>::RingBuffer(unsigned char*, unsigned short)
                0x0800101c                etk::RingBuffer<unsigned char, false>::RingBuffer(unsigned char*, unsigned short)
 .text._ZN3etk10RingBufferIhLb0EE3putEh
                0x08001050       0x4c ../usart.o
                0x08001050                etk::RingBuffer<unsigned char, false>::put(unsigned char)
 .text._ZN3etk10RingBufferIhLb0EE7is_fullEv
                0x0800109c       0x34 ../usart.o
                0x0800109c                etk::RingBuffer<unsigned char, false>::is_full()
 .text          0x080010d0      0xde4 ../etk/src/rope.o
                0x080010d0                etk::Rope::Rope(char*, unsigned int, char const*)
                0x080010d0                etk::Rope::Rope(char*, unsigned int, char const*)
                0x08001138                etk::Rope::Rope(char*, unsigned int)
                0x08001138                etk::Rope::Rope(char*, unsigned int)
                0x08001164                etk::Rope::Rope(etk::Rope&)
                0x08001164                etk::Rope::Rope(etk::Rope&)
                0x08001194                etk::Rope::Rope(etk::Rope const&)
                0x08001194                etk::Rope::Rope(etk::Rope const&)
                0x080011c4                etk::Rope::append(char)
                0x0800120c                etk::Rope::append(char const*, int)
                0x080012a0                etk::Rope::append(int, unsigned int)
                0x080012d4                etk::Rope::append(long, unsigned int)
                0x08001308                etk::Rope::append(unsigned int, unsigned int)
                0x080013b8                etk::Rope::append(unsigned long, unsigned int)
                0x08001470                etk::Rope::append(float, unsigned char)
                0x080015ac                etk::Rope::append(double, unsigned char)
                0x080015d4                etk::Rope::append(etk::Rope, unsigned short)
                0x0800160c                etk::Rope::length()
                0x0800164c                etk::Rope::operator<<(char const*)
                0x0800166c                etk::Rope::operator<<(int)
                0x0800168c                etk::Rope::operator<<(unsigned int)
                0x080016ac                etk::Rope::operator<<(long)
                0x080016cc                etk::Rope::operator<<(unsigned long)
                0x080016ec                etk::Rope::operator<<(float)
                0x0800170c                etk::Rope::operator<<(double)
                0x08001730                etk::Rope::operator<<(char)
                0x08001750                etk::Rope::operator<<(etk::Rope&)
                0x08001780                etk::Rope::operator+(etk::Rope&)
                0x080017b0                etk::Rope::operator+=(etk::Rope&)
                0x080017e0                etk::Rope::operator+(char*)
                0x08001800                etk::Rope::operator+=(char*)
                0x08001820                etk::Rope::operator+(char const*)
                0x08001840                etk::Rope::operator+=(char const*)
                0x08001860                etk::Rope::operator=(char const*)
                0x08001894                etk::Rope::operator=(etk::Rope)
                0x080018c8                etk::Rope::operator[](unsigned short)
                0x080018e8                etk::Rope::operator==(etk::Rope)
                0x08001918                etk::Rope::operator!=(etk::Rope)
                0x0800194c                etk::Rope::operator==(char const*)
                0x0800196c                etk::Rope::operator!=(char const*)
                0x08001990                etk::Rope::compare(etk::Rope, unsigned int)
                0x08001a08                etk::Rope::compare(char const*, unsigned int)
                0x08001a88                etk::Rope::compare(etk::Rope, unsigned int, unsigned int, unsigned int)
                0x08001adc                etk::Rope::compare(char const*, unsigned int, unsigned int, unsigned int)
                0x08001b2c                etk::Rope::sub_string(char*, unsigned int, unsigned int)
                0x08001b78                etk::Rope::sub_string(etk::Rope&, unsigned int, unsigned int)
                0x08001b9c                etk::Rope::c_str()
                0x08001bb4                etk::Rope::clear()
                0x08001bf0                etk::Rope::atoi(unsigned int)
                0x08001c60                etk::Rope::atof(unsigned int)
                0x08001dd8                etk::Rope::copy(char*, unsigned int) const
                0x08001e20                etk::Rope::get_buffer()
                0x08001e38                etk::Rope::c_strlen(char const*, unsigned int)
                0x08001e74                etk::Rope::terminate()
 .text._ZN3etk3minIjjEEDaT_T0_
                0x08001eb4       0x24 ../etk/src/rope.o
                0x08001eb4                auto etk::min<unsigned int, unsigned int>(unsigned int, unsigned int)
 .text._ZN3etk3minIiiEEDaT_T0_
                0x08001ed8       0x24 ../etk/src/rope.o
                0x08001ed8                auto etk::min<int, int>(int, int)
 .text._ZN3etk3maxIiiEEDaT_T0_
                0x08001efc       0x24 ../etk/src/rope.o
                0x08001efc                auto etk::max<int, int>(int, int)
 .text          0x08001f20      0x428 ../etk/src/time.o
                0x08001f20                etk::set_tick_rate(unsigned int)
                0x08001f3c                etk::Time::operator=(etk::Time const&) volatile
                0x08001f64                etk::Time::diff_time(etk::Time)
                0x08002010                etk::Time::setnull()
                0x08002030                etk::Time::is_nulltime()
                0x08002058                etk::Time::setnull() volatile
                0x08002074                etk::Time::is_nulltime() volatile
                0x080020a8                etk::tick()
                0x080020f4                etk::sleep_ms(unsigned int)
                0x0800217c                etk::sleep_us(unsigned int)
                0x08002204                etk::now()
                0x08002220                etk::Time::to_rope(etk::Rope&)
 .text._ZN3etk4TimeC2Ev
                0x08002348       0x18 ../etk/src/time.o
                0x08002348                etk::Time::Time()
                0x08002348                etk::Time::Time()
 .text._ZN3etk4TimeC2ERVS0_
                0x08002360       0x28 ../etk/src/time.o
                0x08002360                etk::Time::Time(etk::Time volatile&)
                0x08002360                etk::Time::Time(etk::Time volatile&)
 .text._ZN3etk4Time7secondsEv
                0x08002388       0x14 ../etk/src/time.o
                0x08002388                etk::Time::seconds()
 .text._ZN3etk4Time6microsEv
                0x0800239c       0x18 ../etk/src/time.o
                0x0800239c                etk::Time::micros()
 .text.__fpclassifyf
                0x080023b4       0x34 /usr/bin/../lib/gcc/arm-none-eabi/5.2.1/../../../../arm-none-eabi/lib/armv7-m/libc.a(lib_a-sf_fpclassify.o)
                0x080023b4                __fpclassifyf
 .text.roundf   0x080023e8       0x48 /usr/bin/../lib/gcc/arm-none-eabi/5.2.1/../../../../arm-none-eabi/lib/armv7-m/libm.a(lib_a-sf_round.o)
                0x080023e8                roundf
 .text.gpio_set_mode
                0x08002430       0x64 ../libopencm3/libopencm3_stm32f1.a(gpio.o)
                0x08002430                gpio_set_mode
 .text.rcc_osc_on.part.0
                0x08002494       0x10 ../libopencm3/libopencm3_stm32f1.a(rcc.o)
 .text.rcc_wait_for_osc_ready
                0x080024a4       0x64 ../libopencm3/libopencm3_stm32f1.a(rcc.o)
                0x080024a4                rcc_wait_for_osc_ready
 .text.rcc_osc_on
                0x08002508       0x54 ../libopencm3/libopencm3_stm32f1.a(rcc.o)
                0x08002508                rcc_osc_on
 .text.rcc_set_sysclk_source
                0x0800255c       0x14 ../libopencm3/libopencm3_stm32f1.a(rcc.o)
                0x0800255c                rcc_set_sysclk_source
 .text.rcc_set_pll_multiplication_factor
                0x08002570       0x14 ../libopencm3/libopencm3_stm32f1.a(rcc.o)
                0x08002570                rcc_set_pll_multiplication_factor
 .text.rcc_set_pll_source
                0x08002584       0x14 ../libopencm3/libopencm3_stm32f1.a(rcc.o)
                0x08002584                rcc_set_pll_source
 .text.rcc_set_adcpre
                0x08002598       0x14 ../libopencm3/libopencm3_stm32f1.a(rcc.o)
                0x08002598                rcc_set_adcpre
 .text.rcc_set_ppre2
                0x080025ac       0x14 ../libopencm3/libopencm3_stm32f1.a(rcc.o)
                0x080025ac                rcc_set_ppre2
 .text.rcc_set_ppre1
                0x080025c0       0x14 ../libopencm3/libopencm3_stm32f1.a(rcc.o)
                0x080025c0                rcc_set_ppre1
 .text.rcc_set_hpre
                0x080025d4       0x14 ../libopencm3/libopencm3_stm32f1.a(rcc.o)
                0x080025d4                rcc_set_hpre
 .text.rcc_clock_setup_in_hsi_out_64mhz
                0x080025e8       0x74 ../libopencm3/libopencm3_stm32f1.a(rcc.o)
                0x080025e8                rcc_clock_setup_in_hsi_out_64mhz
 .text.i2c_reset
                0x0800265c       0x24 ../libopencm3/libopencm3_stm32f1.a(i2c_common_all.o)
                0x0800265c                i2c_reset
 .text.i2c_peripheral_enable
                0x08002680        0xa ../libopencm3/libopencm3_stm32f1.a(i2c_common_all.o)
                0x08002680                i2c_peripheral_enable
 .text.i2c_peripheral_disable
                0x0800268a        0xa ../libopencm3/libopencm3_stm32f1.a(i2c_common_all.o)
                0x0800268a                i2c_peripheral_disable
 .text.i2c_send_start
                0x08002694        0xa ../libopencm3/libopencm3_stm32f1.a(i2c_common_all.o)
                0x08002694                i2c_send_start
 .text.i2c_send_stop
                0x0800269e        0xa ../libopencm3/libopencm3_stm32f1.a(i2c_common_all.o)
                0x0800269e                i2c_send_stop
 .text.i2c_set_own_7bit_slave_address
                0x080026a8        0xa ../libopencm3/libopencm3_stm32f1.a(i2c_common_all.o)
                0x080026a8                i2c_set_own_7bit_slave_address
 .text.i2c_set_clock_frequency
                0x080026b2        0xe ../libopencm3/libopencm3_stm32f1.a(i2c_common_all.o)
                0x080026b2                i2c_set_clock_frequency
 .text.i2c_send_data
                0x080026c0        0x4 ../libopencm3/libopencm3_stm32f1.a(i2c_common_all.o)
                0x080026c0                i2c_send_data
 .text.i2c_set_standard_mode
                0x080026c4        0xa ../libopencm3/libopencm3_stm32f1.a(i2c_common_all.o)
                0x080026c4                i2c_set_standard_mode
 .text.i2c_set_ccr
                0x080026ce        0xc ../libopencm3/libopencm3_stm32f1.a(i2c_common_all.o)
                0x080026ce                i2c_set_ccr
 .text.i2c_set_trise
                0x080026da        0x4 ../libopencm3/libopencm3_stm32f1.a(i2c_common_all.o)
                0x080026da                i2c_set_trise
 .text.i2c_send_7bit_address
                0x080026de        0xa ../libopencm3/libopencm3_stm32f1.a(i2c_common_all.o)
                0x080026de                i2c_send_7bit_address
 .text.i2c_get_data
                0x080026e8        0x6 ../libopencm3/libopencm3_stm32f1.a(i2c_common_all.o)
                0x080026e8                i2c_get_data
 .text.i2c_enable_interrupt
                0x080026ee        0x8 ../libopencm3/libopencm3_stm32f1.a(i2c_common_all.o)
                0x080026ee                i2c_enable_interrupt
 .text.i2c_enable_ack
                0x080026f6        0xa ../libopencm3/libopencm3_stm32f1.a(i2c_common_all.o)
                0x080026f6                i2c_enable_ack
 .text.i2c_disable_ack
                0x08002700        0xa ../libopencm3/libopencm3_stm32f1.a(i2c_common_all.o)
                0x08002700                i2c_disable_ack
 .text.i2c_nack_current
                0x0800270a        0xa ../libopencm3/libopencm3_stm32f1.a(i2c_common_all.o)
                0x0800270a                i2c_nack_current
 .text.usart_set_baudrate
                0x08002714       0x28 ../libopencm3/libopencm3_stm32f1.a(usart_common_all.o)
                0x08002714                usart_set_baudrate
 .text.usart_set_databits
                0x0800273c       0x12 ../libopencm3/libopencm3_stm32f1.a(usart_common_all.o)
                0x0800273c                usart_set_databits
 .text.usart_set_stopbits
                0x0800274e        0xc ../libopencm3/libopencm3_stm32f1.a(usart_common_all.o)
                0x0800274e                usart_set_stopbits
 .text.usart_set_parity
                0x0800275a        0xc ../libopencm3/libopencm3_stm32f1.a(usart_common_all.o)
                0x0800275a                usart_set_parity
 .text.usart_set_mode
                0x08002766        0xc ../libopencm3/libopencm3_stm32f1.a(usart_common_all.o)
                0x08002766                usart_set_mode
 .text.usart_set_flow_control
                0x08002772        0xc ../libopencm3/libopencm3_stm32f1.a(usart_common_all.o)
                0x08002772                usart_set_flow_control
 .text.usart_enable
                0x0800277e        0xa ../libopencm3/libopencm3_stm32f1.a(usart_common_all.o)
                0x0800277e                usart_enable
 .text.usart_disable
                0x08002788        0xa ../libopencm3/libopencm3_stm32f1.a(usart_common_all.o)
                0x08002788                usart_disable
 .text.usart_send_blocking
                0x08002792       0x16 ../libopencm3/libopencm3_stm32f1.a(usart_common_all.o)
                0x08002792                usart_send_blocking
 .text.usart_send
                0x080027a8        0x8 ../libopencm3/libopencm3_stm32f1.a(usart_common_f124.o)
                0x080027a8                usart_send
 .text.usart_recv
                0x080027b0        0x8 ../libopencm3/libopencm3_stm32f1.a(usart_common_f124.o)
                0x080027b0                usart_recv
 .text.usart_wait_send_ready
                0x080027b8        0x8 ../libopencm3/libopencm3_stm32f1.a(usart_common_f124.o)
                0x080027b8                usart_wait_send_ready
 .text.rcc_periph_clock_enable
                0x080027c0       0x1c ../libopencm3/libopencm3_stm32f1.a(rcc_common_all.o)
                0x080027c0                rcc_periph_clock_enable
 .text.rcc_periph_reset_pulse
                0x080027dc       0x26 ../libopencm3/libopencm3_stm32f1.a(rcc_common_all.o)
                0x080027dc                rcc_periph_reset_pulse
 *fill*         0x08002802        0x2 
 .text.flash_set_ws
                0x08002804       0x14 ../libopencm3/libopencm3_stm32f1.a(flash_common_f01.o)
                0x08002804                flash_set_ws
 .text.blocking_handler
                0x08002818        0x2 ../libopencm3/libopencm3_stm32f1.a(vector.o)
                0x08002818                rtc_isr
                0x08002818                tim7_isr
                0x08002818                adc1_2_isr
                0x08002818                tim1_trg_com_isr
                0x08002818                usb_hp_can_tx_isr
                0x08002818                tim6_isr
                0x08002818                usb_wakeup_isr
                0x08002818                blocking_handler
                0x08002818                tim5_isr
                0x08002818                otg_fs_isr
                0x08002818                spi1_isr
                0x08002818                exti2_isr
                0x08002818                dma1_channel6_isr
                0x08002818                can_rx1_isr
                0x08002818                dma1_channel5_isr
                0x08002818                dma2_channel5_isr
                0x08002818                usage_fault_handler
                0x08002818                tim8_trg_com_isr
                0x08002818                can2_rx0_isr
                0x08002818                tim1_brk_isr
                0x08002818                can2_rx1_isr
                0x08002818                tim1_cc_isr
                0x08002818                sdio_isr
                0x08002818                eth_isr
                0x08002818                dma1_channel4_isr
                0x08002818                tim8_brk_isr
                0x08002818                dma2_channel4_5_isr
                0x08002818                pvd_isr
                0x08002818                rcc_isr
                0x08002818                flash_isr
                0x08002818                uart4_isr
                0x08002818                rtc_alarm_isr
                0x08002818                exti15_10_isr
                0x08002818                hard_fault_handler
                0x08002818                exti1_isr
                0x08002818                i2c1_ev_isr
                0x08002818                dma2_channel1_isr
                0x08002818                spi2_isr
                0x08002818                tim8_up_isr
                0x08002818                dma2_channel2_isr
                0x08002818                exti3_isr
                0x08002818                adc3_isr
                0x08002818                tim3_isr
                0x08002818                usb_lp_can_rx0_isr
                0x08002818                i2c2_er_isr
                0x08002818                i2c2_ev_isr
                0x08002818                uart5_isr
                0x08002818                fsmc_isr
                0x08002818                dma1_channel1_isr
                0x08002818                exti4_isr
                0x08002818                mem_manage_handler
                0x08002818                can2_tx_isr
                0x08002818                exti9_5_isr
                0x08002818                dma2_channel3_isr
                0x08002818                dma1_channel7_isr
                0x08002818                tim1_up_isr
                0x08002818                can2_sce_isr
                0x08002818                tim4_isr
                0x08002818                dma1_channel2_isr
                0x08002818                i2c1_er_isr
                0x08002818                can_sce_isr
                0x08002818                tim8_cc_isr
                0x08002818                tamper_isr
                0x08002818                eth_wkup_isr
                0x08002818                bus_fault_handler
                0x08002818                wwdg_isr
                0x08002818                dma1_channel3_isr
                0x08002818                spi3_isr
                0x08002818                tim2_isr
                0x08002818                exti0_isr
 .text.null_handler
                0x0800281a        0x2 ../libopencm3/libopencm3_stm32f1.a(vector.o)
                0x0800281a                null_handler
                0x0800281a                sv_call_handler
                0x0800281a                pend_sv_handler
                0x0800281a                debug_monitor_handler
                0x0800281a                nmi_handler
 .text.reset_handler
                0x0800281c       0x90 ../libopencm3/libopencm3_stm32f1.a(vector.o)
                0x0800281c                reset_handler
 .text.systick_set_reload
                0x080028ac       0x10 ../libopencm3/libopencm3_stm32f1.a(systick.o)
                0x080028ac                systick_set_reload
 .text.systick_set_clocksource
                0x080028bc       0x18 ../libopencm3/libopencm3_stm32f1.a(systick.o)
                0x080028bc                systick_set_clocksource
 .text.systick_interrupt_enable
                0x080028d4       0x10 ../libopencm3/libopencm3_stm32f1.a(systick.o)
                0x080028d4                systick_interrupt_enable
 .text.systick_counter_enable
                0x080028e4       0x10 ../libopencm3/libopencm3_stm32f1.a(systick.o)
                0x080028e4                systick_counter_enable
 .text.nvic_enable_irq
                0x080028f4       0x1a ../libopencm3/libopencm3_stm32f1.a(nvic.o)
                0x080028f4                nvic_enable_irq
 *fill*         0x0800290e        0x2 
 .text          0x08002910      0x370 /usr/bin/../lib/gcc/arm-none-eabi/5.2.1/armv7-m/libgcc.a(_arm_addsubdf3.o)
                0x08002910                __aeabi_drsub
                0x08002918                __aeabi_dsub
                0x08002918                __subdf3
                0x0800291c                __adddf3
                0x0800291c                __aeabi_dadd
                0x08002b94                __aeabi_ui2d
                0x08002b94                __floatunsidf
                0x08002bb4                __floatsidf
                0x08002bb4                __aeabi_i2d
                0x08002bd8                __extendsfdf2
                0x08002bd8                __aeabi_f2d
                0x08002c14                __aeabi_ul2d
                0x08002c14                __floatundidf
                0x08002c24                __floatdidf
                0x08002c24                __aeabi_l2d
 .text          0x08002c80      0x424 /usr/bin/../lib/gcc/arm-none-eabi/5.2.1/armv7-m/libgcc.a(_arm_muldivdf3.o)
                0x08002c80                __aeabi_dmul
                0x08002c80                __muldf3
                0x08002ed4                __aeabi_ddiv
                0x08002ed4                __divdf3
 .text          0x080030a4      0x110 /usr/bin/../lib/gcc/arm-none-eabi/5.2.1/armv7-m/libgcc.a(_arm_cmpdf2.o)
                0x080030a4                __gtdf2
                0x080030a4                __gedf2
                0x080030ac                __ltdf2
                0x080030ac                __ledf2
                0x080030b4                __cmpdf2
                0x080030b4                __eqdf2
                0x080030b4                __nedf2
                0x08003130                __aeabi_cdrcmple
                0x08003140                __aeabi_cdcmple
                0x08003140                __aeabi_cdcmpeq
                0x08003150                __aeabi_dcmpeq
                0x08003164                __aeabi_dcmplt
                0x08003178                __aeabi_dcmple
                0x0800318c                __aeabi_dcmpge
                0x080031a0                __aeabi_dcmpgt
 .text          0x080031b4       0xa0 /usr/bin/../lib/gcc/arm-none-eabi/5.2.1/armv7-m/libgcc.a(_arm_truncdfsf2.o)
                0x080031b4                __aeabi_d2f
                0x080031b4                __truncdfsf2
 .text          0x08003254      0x21c /usr/bin/../lib/gcc/arm-none-eabi/5.2.1/armv7-m/libgcc.a(_arm_addsubsf3.o)
                0x08003254                __aeabi_frsub
                0x0800325c                __subsf3
                0x0800325c                __aeabi_fsub
                0x08003260                __aeabi_fadd
                0x08003260                __addsf3
                0x080033c0                __aeabi_ui2f
                0x080033c0                __floatunsisf
                0x080033c8                __aeabi_i2f
                0x080033c8                __floatsisf
                0x080033e4                __floatundisf
                0x080033e4                __aeabi_ul2f
                0x080033f4                __floatdisf
                0x080033f4                __aeabi_l2f
 .text          0x08003470      0x2a0 /usr/bin/../lib/gcc/arm-none-eabi/5.2.1/armv7-m/libgcc.a(_arm_muldivsf3.o)
                0x08003470                __mulsf3
                0x08003470                __aeabi_fmul
                0x080035d8                __divsf3
                0x080035d8                __aeabi_fdiv
 .text          0x08003710       0x4c /usr/bin/../lib/gcc/arm-none-eabi/5.2.1/armv7-m/libgcc.a(_arm_fixsfsi.o)
                0x08003710                __fixsfsi
                0x08003710                __aeabi_f2iz
                0x0800375c                . = ALIGN (0x4)
 *(.rodata*)
 .rodata        0x0800375c       0x13 main.o
 *fill*         0x0800376f        0x1 
 .rodata        0x08003770        0x8 ../etk/src/rope.o
 .rodata        0x08003778       0x25 ../etk/src/time.o
                0x080037a0                . = ALIGN (0x4)
 *fill*         0x0800379d        0x3 

.glue_7         0x080037a0        0x0
 .glue_7        0x080037a0        0x0 linker stubs

.glue_7t        0x080037a0        0x0
 .glue_7t       0x080037a0        0x0 linker stubs

.vfp11_veneer   0x080037a0        0x0
 .vfp11_veneer  0x080037a0        0x0 linker stubs

.v4_bx          0x080037a0        0x0
 .v4_bx         0x080037a0        0x0 linker stubs

.iplt           0x080037a0        0x0
 .iplt          0x080037a0        0x0 main.o

.rel.dyn        0x080037a0        0x0
 .rel.iplt      0x080037a0        0x0 main.o

.preinit_array  0x080037a0        0x0
                0x080037a0                . = ALIGN (0x4)
                0x080037a0                __preinit_array_start = .
 *(.preinit_array)
                0x080037a0                __preinit_array_end = .

.init_array     0x080037a0        0xc
                0x080037a0                . = ALIGN (0x4)
                0x080037a0                __init_array_start = .
 *(SORT(.init_array.*))
 *(.init_array)
 .init_array    0x080037a0        0x4 ../i2c.o
 .init_array    0x080037a4        0x4 ../usart.o
 .init_array    0x080037a8        0x4 ../etk/src/time.o
                0x080037ac                __init_array_end = .

.fini_array     0x080037ac        0x0
                0x080037ac                . = ALIGN (0x4)
                0x080037ac                __fini_array_start = .
 *(.fini_array)
 *(SORT(.fini_array.*))
                0x080037ac                __fini_array_end = .

.ARM.extab
 *(.ARM.extab*)

.ARM.exidx      0x080037ac        0x0
                0x080037ac                __exidx_start = .
 *(.ARM.exidx*)
                0x080037ac                __exidx_end = .
                0x080037ac                . = ALIGN (0x4)
                0x080037ac                _etext = .

.data           0x20000000       0x10 load address 0x080037ac
                0x20000000                _data = .
 *(.data*)
 .data          0x20000000        0x4 ../etk/src/time.o
 .data.rcc_ahb_frequency
                0x20000004        0x4 ../libopencm3/libopencm3_stm32f1.a(rcc.o)
                0x20000004                rcc_ahb_frequency
 .data.rcc_apb1_frequency
                0x20000008        0x4 ../libopencm3/libopencm3_stm32f1.a(rcc.o)
                0x20000008                rcc_apb1_frequency
 .data.rcc_apb2_frequency
                0x2000000c        0x4 ../libopencm3/libopencm3_stm32f1.a(rcc.o)
                0x2000000c                rcc_apb2_frequency
                0x20000010                . = ALIGN (0x4)
                0x20000010                _edata = .
                0x080037ac                _data_loadaddr = LOADADDR (.data)

.igot.plt       0x20000010        0x0 load address 0x080037bc
 .igot.plt      0x20000010        0x0 main.o

.bss            0x20000010      0x348 load address 0x080037bc
 *(.bss*)
 .bss           0x20000010       0x10 ../i2c.o
                0x20000010                twi
                0x20000018                twi1
 .bss           0x20000020      0x330 ../usart.o
                0x20000020                Serial1
                0x20000130                Serial2
                0x20000240                Serial3
 .bss           0x20000350        0x8 ../etk/src/time.o
 *(COMMON)
                0x20000358                . = ALIGN (0x4)
                0x20000358                _ebss = .

/DISCARD/
 *(.eh_frame)
                0x20000358                . = ALIGN (0x4)
                0x20000358                end = .
                0x20005000                PROVIDE (_stack, (ORIGIN (ram) + LENGTH (ram)))
OUTPUT(project.elf elf32-littlearm)

.debug_info     0x00000000     0x79a5
 .debug_info    0x00000000      0x588 main.o
 .debug_info    0x00000588      0x359 ../clock.o
 .debug_info    0x000008e1     0x1104 ../i2c.o
 .debug_info    0x000019e5      0x949 ../usart.o
 .debug_info    0x0000232e     0x17f2 ../etk/src/rope.o
 .debug_info    0x00003b20      0xf46 ../etk/src/time.o
 .debug_info    0x00004a66      0x1d0 ../libopencm3/libopencm3_stm32f1.a(gpio.o)
 .debug_info    0x00004c36     0x110e ../libopencm3/libopencm3_stm32f1.a(rcc.o)
 .debug_info    0x00005d44      0x761 ../libopencm3/libopencm3_stm32f1.a(i2c_common_all.o)
 .debug_info    0x000064a5      0x4b2 ../libopencm3/libopencm3_stm32f1.a(usart_common_all.o)
 .debug_info    0x00006957      0x1bb ../libopencm3/libopencm3_stm32f1.a(usart_common_f124.o)
 .debug_info    0x00006b12      0x50a ../libopencm3/libopencm3_stm32f1.a(rcc_common_all.o)
 .debug_info    0x0000701c      0x278 ../libopencm3/libopencm3_stm32f1.a(flash_common_f01.o)
 .debug_info    0x00007294      0x2a8 ../libopencm3/libopencm3_stm32f1.a(vector.o)
 .debug_info    0x0000753c      0x255 ../libopencm3/libopencm3_stm32f1.a(systick.o)
 .debug_info    0x00007791      0x214 ../libopencm3/libopencm3_stm32f1.a(nvic.o)

.debug_abbrev   0x00000000     0x1afb
 .debug_abbrev  0x00000000      0x27e main.o
 .debug_abbrev  0x0000027e      0x13b ../clock.o
 .debug_abbrev  0x000003b9      0x321 ../i2c.o
 .debug_abbrev  0x000006da      0x398 ../usart.o
 .debug_abbrev  0x00000a72      0x2cc ../etk/src/rope.o
 .debug_abbrev  0x00000d3e      0x2a1 ../etk/src/time.o
 .debug_abbrev  0x00000fdf       0xb7 ../libopencm3/libopencm3_stm32f1.a(gpio.o)
 .debug_abbrev  0x00001096      0x247 ../libopencm3/libopencm3_stm32f1.a(rcc.o)
 .debug_abbrev  0x000012dd      0x168 ../libopencm3/libopencm3_stm32f1.a(i2c_common_all.o)
 .debug_abbrev  0x00001445      0x10f ../libopencm3/libopencm3_stm32f1.a(usart_common_all.o)
 .debug_abbrev  0x00001554       0xb7 ../libopencm3/libopencm3_stm32f1.a(usart_common_f124.o)
 .debug_abbrev  0x0000160b      0x105 ../libopencm3/libopencm3_stm32f1.a(rcc_common_all.o)
 .debug_abbrev  0x00001710       0xcd ../libopencm3/libopencm3_stm32f1.a(flash_common_f01.o)
 .debug_abbrev  0x000017dd      0x146 ../libopencm3/libopencm3_stm32f1.a(vector.o)
 .debug_abbrev  0x00001923      0x132 ../libopencm3/libopencm3_stm32f1.a(systick.o)
 .debug_abbrev  0x00001a55       0xa6 ../libopencm3/libopencm3_stm32f1.a(nvic.o)

.debug_aranges  0x00000000      0x6c8
 .debug_aranges
                0x00000000       0x30 main.o
 .debug_aranges
                0x00000030       0x20 ../clock.o
 .debug_aranges
                0x00000050       0x30 ../i2c.o
 .debug_aranges
                0x00000080       0x40 ../usart.o
 .debug_aranges
                0x000000c0       0x38 ../etk/src/rope.o
 .debug_aranges
                0x000000f8       0x48 ../etk/src/time.o
 .debug_aranges
                0x00000140       0x38 ../libopencm3/libopencm3_stm32f1.a(gpio.o)
 .debug_aranges
                0x00000178      0x160 ../libopencm3/libopencm3_stm32f1.a(rcc.o)
 .debug_aranges
                0x000002d8      0x108 ../libopencm3/libopencm3_stm32f1.a(i2c_common_all.o)
 .debug_aranges
                0x000003e0       0xb8 ../libopencm3/libopencm3_stm32f1.a(usart_common_all.o)
 .debug_aranges
                0x00000498       0x48 ../libopencm3/libopencm3_stm32f1.a(usart_common_f124.o)
 .debug_aranges
                0x000004e0       0x58 ../libopencm3/libopencm3_stm32f1.a(rcc_common_all.o)
 .debug_aranges
                0x00000538       0x88 ../libopencm3/libopencm3_stm32f1.a(flash_common_f01.o)
 .debug_aranges
                0x000005c0       0x30 ../libopencm3/libopencm3_stm32f1.a(vector.o)
 .debug_aranges
                0x000005f0       0x78 ../libopencm3/libopencm3_stm32f1.a(systick.o)
 .debug_aranges
                0x00000668       0x60 ../libopencm3/libopencm3_stm32f1.a(nvic.o)

.debug_ranges   0x00000000      0x618
 .debug_ranges  0x00000000       0x20 main.o
 .debug_ranges  0x00000020       0x20 ../i2c.o
 .debug_ranges  0x00000040       0x30 ../usart.o
 .debug_ranges  0x00000070       0x28 ../etk/src/rope.o
 .debug_ranges  0x00000098       0x38 ../etk/src/time.o
 .debug_ranges  0x000000d0       0x28 ../libopencm3/libopencm3_stm32f1.a(gpio.o)
 .debug_ranges  0x000000f8      0x1b0 ../libopencm3/libopencm3_stm32f1.a(rcc.o)
 .debug_ranges  0x000002a8       0xf8 ../libopencm3/libopencm3_stm32f1.a(i2c_common_all.o)
 .debug_ranges  0x000003a0       0xa8 ../libopencm3/libopencm3_stm32f1.a(usart_common_all.o)
 .debug_ranges  0x00000448       0x38 ../libopencm3/libopencm3_stm32f1.a(usart_common_f124.o)
 .debug_ranges  0x00000480       0x48 ../libopencm3/libopencm3_stm32f1.a(rcc_common_all.o)
 .debug_ranges  0x000004c8       0x78 ../libopencm3/libopencm3_stm32f1.a(flash_common_f01.o)
 .debug_ranges  0x00000540       0x20 ../libopencm3/libopencm3_stm32f1.a(vector.o)
 .debug_ranges  0x00000560       0x68 ../libopencm3/libopencm3_stm32f1.a(systick.o)
 .debug_ranges  0x000005c8       0x50 ../libopencm3/libopencm3_stm32f1.a(nvic.o)

.debug_line     0x00000000     0x2c20
 .debug_line    0x00000000      0x196 main.o
 .debug_line    0x00000196      0x141 ../clock.o
 .debug_line    0x000002d7      0x26f ../i2c.o
 .debug_line    0x00000546      0x256 ../usart.o
 .debug_line    0x0000079c      0x2e6 ../etk/src/rope.o
 .debug_line    0x00000a82      0x13d ../etk/src/time.o
 .debug_line    0x00000bbf      0x260 ../libopencm3/libopencm3_stm32f1.a(gpio.o)
 .debug_line    0x00000e1f      0x613 ../libopencm3/libopencm3_stm32f1.a(rcc.o)
 .debug_line    0x00001432      0x43d ../libopencm3/libopencm3_stm32f1.a(i2c_common_all.o)
 .debug_line    0x0000186f      0x3cb ../libopencm3/libopencm3_stm32f1.a(usart_common_all.o)
 .debug_line    0x00001c3a      0x2db ../libopencm3/libopencm3_stm32f1.a(usart_common_f124.o)
 .debug_line    0x00001f15      0x29a ../libopencm3/libopencm3_stm32f1.a(rcc_common_all.o)
 .debug_line    0x000021af      0x320 ../libopencm3/libopencm3_stm32f1.a(flash_common_f01.o)
 .debug_line    0x000024cf      0x2a7 ../libopencm3/libopencm3_stm32f1.a(vector.o)
 .debug_line    0x00002776      0x245 ../libopencm3/libopencm3_stm32f1.a(systick.o)
 .debug_line    0x000029bb      0x265 ../libopencm3/libopencm3_stm32f1.a(nvic.o)

.debug_str      0x00000000    0x11298
 .debug_str     0x00000000      0x541 main.o
                                0x5f9 (size before relaxing)
 .debug_str     0x00000541      0x271 ../clock.o
                                0x519 (size before relaxing)
 .debug_str     0x000007b2      0x8f7 ../i2c.o
                                0xe2a (size before relaxing)
 .debug_str     0x000010a9       0xda ../usart.o
                                0x95f (size before relaxing)
 .debug_str     0x00001183      0x142 ../etk/src/rope.o
                                0x862 (size before relaxing)
 .debug_str     0x000012c5       0xea ../etk/src/time.o
                                0xa34 (size before relaxing)
 .debug_str     0x000013af     0x78aa ../libopencm3/libopencm3_stm32f1.a(gpio.o)
                               0x7a24 (size before relaxing)
 .debug_str     0x00008c59     0x304f ../libopencm3/libopencm3_stm32f1.a(rcc.o)
                               0x7264 (size before relaxing)
 .debug_str     0x0000bca8     0x104d ../libopencm3/libopencm3_stm32f1.a(i2c_common_all.o)
                               0x762e (size before relaxing)
 .debug_str     0x0000ccf5     0x109c ../libopencm3/libopencm3_stm32f1.a(usart_common_all.o)
                               0x76a2 (size before relaxing)
 .debug_str     0x0000dd91       0x51 ../libopencm3/libopencm3_stm32f1.a(usart_common_f124.o)
                               0x74da (size before relaxing)
 .debug_str     0x0000dde2      0x11a ../libopencm3/libopencm3_stm32f1.a(rcc_common_all.o)
                               0x6af1 (size before relaxing)
 .debug_str     0x0000defc      0x179 ../libopencm3/libopencm3_stm32f1.a(flash_common_f01.o)
                               0x4acb (size before relaxing)
 .debug_str     0x0000e075     0x24ed ../libopencm3/libopencm3_stm32f1.a(vector.o)
                               0x5b76 (size before relaxing)
 .debug_str     0x00010562      0x346 ../libopencm3/libopencm3_stm32f1.a(systick.o)
                               0x39e4 (size before relaxing)
 .debug_str     0x000108a8      0x9f0 ../libopencm3/libopencm3_stm32f1.a(nvic.o)
                               0x4881 (size before relaxing)

.comment        0x00000000       0x6e
 .comment       0x00000000       0x6e main.o
                                 0x6f (size before relaxing)
 .comment       0x0000006e       0x6f ../clock.o
 .comment       0x0000006e       0x6f ../i2c.o
 .comment       0x0000006e       0x6f ../usart.o
 .comment       0x0000006e       0x6f ../etk/src/rope.o
 .comment       0x0000006e       0x6f ../etk/src/time.o
 .comment       0x0000006e       0x6f ../libopencm3/libopencm3_stm32f1.a(gpio.o)
 .comment       0x0000006e       0x6f ../libopencm3/libopencm3_stm32f1.a(rcc.o)
 .comment       0x0000006e       0x6f ../libopencm3/libopencm3_stm32f1.a(i2c_common_all.o)
 .comment       0x0000006e       0x6f ../libopencm3/libopencm3_stm32f1.a(usart_common_all.o)
 .comment       0x0000006e       0x6f ../libopencm3/libopencm3_stm32f1.a(usart_common_f124.o)
 .comment       0x0000006e       0x6f ../libopencm3/libopencm3_stm32f1.a(rcc_common_all.o)
 .comment       0x0000006e       0x6f ../libopencm3/libopencm3_stm32f1.a(flash_common_f01.o)
 .comment       0x0000006e       0x6f ../libopencm3/libopencm3_stm32f1.a(vector.o)
 .comment       0x0000006e       0x6f ../libopencm3/libopencm3_stm32f1.a(systick.o)
 .comment       0x0000006e       0x6f ../libopencm3/libopencm3_stm32f1.a(nvic.o)

.ARM.attributes
                0x00000000       0x33
 .ARM.attributes
                0x00000000       0x33 main.o
 .ARM.attributes
                0x00000033       0x33 ../clock.o
 .ARM.attributes
                0x00000066       0x33 ../i2c.o
 .ARM.attributes
                0x00000099       0x33 ../usart.o
 .ARM.attributes
                0x000000cc       0x33 ../etk/src/rope.o
 .ARM.attributes
                0x000000ff       0x33 ../etk/src/time.o
 .ARM.attributes
                0x00000132       0x2d /usr/bin/../lib/gcc/arm-none-eabi/5.2.1/../../../../arm-none-eabi/lib/armv7-m/libc.a(lib_a-sf_fpclassify.o)
 .ARM.attributes
                0x0000015f       0x2d /usr/bin/../lib/gcc/arm-none-eabi/5.2.1/../../../../arm-none-eabi/lib/armv7-m/libm.a(lib_a-sf_round.o)
 .ARM.attributes
                0x0000018c       0x33 ../libopencm3/libopencm3_stm32f1.a(gpio.o)
 .ARM.attributes
                0x000001bf       0x33 ../libopencm3/libopencm3_stm32f1.a(rcc.o)
 .ARM.attributes
                0x000001f2       0x33 ../libopencm3/libopencm3_stm32f1.a(i2c_common_all.o)
 .ARM.attributes
                0x00000225       0x33 ../libopencm3/libopencm3_stm32f1.a(usart_common_all.o)
 .ARM.attributes
                0x00000258       0x33 ../libopencm3/libopencm3_stm32f1.a(usart_common_f124.o)
 .ARM.attributes
                0x0000028b       0x33 ../libopencm3/libopencm3_stm32f1.a(rcc_common_all.o)
 .ARM.attributes
                0x000002be       0x33 ../libopencm3/libopencm3_stm32f1.a(flash_common_f01.o)
 .ARM.attributes
                0x000002f1       0x33 ../libopencm3/libopencm3_stm32f1.a(vector.o)
 .ARM.attributes
                0x00000324       0x33 ../libopencm3/libopencm3_stm32f1.a(systick.o)
 .ARM.attributes
                0x00000357       0x33 ../libopencm3/libopencm3_stm32f1.a(nvic.o)
 .ARM.attributes
                0x0000038a       0x1d /usr/bin/../lib/gcc/arm-none-eabi/5.2.1/armv7-m/libgcc.a(_arm_addsubdf3.o)
 .ARM.attributes
                0x000003a7       0x1d /usr/bin/../lib/gcc/arm-none-eabi/5.2.1/armv7-m/libgcc.a(_arm_muldivdf3.o)
 .ARM.attributes
                0x000003c4       0x1d /usr/bin/../lib/gcc/arm-none-eabi/5.2.1/armv7-m/libgcc.a(_arm_cmpdf2.o)
 .ARM.attributes
                0x000003e1       0x1d /usr/bin/../lib/gcc/arm-none-eabi/5.2.1/armv7-m/libgcc.a(_arm_truncdfsf2.o)
 .ARM.attributes
                0x000003fe       0x1d /usr/bin/../lib/gcc/arm-none-eabi/5.2.1/armv7-m/libgcc.a(_arm_addsubsf3.o)
 .ARM.attributes
                0x0000041b       0x1d /usr/bin/../lib/gcc/arm-none-eabi/5.2.1/armv7-m/libgcc.a(_arm_muldivsf3.o)
 .ARM.attributes
                0x00000438       0x1d /usr/bin/../lib/gcc/arm-none-eabi/5.2.1/armv7-m/libgcc.a(_arm_fixsfsi.o)

.debug_frame    0x00000000     0x19a8
 .debug_frame   0x00000000       0x78 main.o
 .debug_frame   0x00000078       0x48 ../clock.o
 .debug_frame   0x000000c0      0x17c ../i2c.o
 .debug_frame   0x0000023c      0x1bc ../usart.o
 .debug_frame   0x000003f8      0x7e0 ../etk/src/rope.o
 .debug_frame   0x00000bd8      0x2e4 ../etk/src/time.o
 .debug_frame   0x00000ebc       0x20 /usr/bin/../lib/gcc/arm-none-eabi/5.2.1/../../../../arm-none-eabi/lib/armv7-m/libc.a(lib_a-sf_fpclassify.o)
 .debug_frame   0x00000edc       0x28 /usr/bin/../lib/gcc/arm-none-eabi/5.2.1/../../../../arm-none-eabi/lib/armv7-m/libm.a(lib_a-sf_round.o)
 .debug_frame   0x00000f04       0x64 ../libopencm3/libopencm3_stm32f1.a(gpio.o)
 .debug_frame   0x00000f68      0x2e8 ../libopencm3/libopencm3_stm32f1.a(rcc.o)
 .debug_frame   0x00001250      0x1f0 ../libopencm3/libopencm3_stm32f1.a(i2c_common_all.o)
 .debug_frame   0x00001440      0x170 ../libopencm3/libopencm3_stm32f1.a(usart_common_all.o)
 .debug_frame   0x000015b0       0x70 ../libopencm3/libopencm3_stm32f1.a(usart_common_f124.o)
 .debug_frame   0x00001620       0xb0 ../libopencm3/libopencm3_stm32f1.a(rcc_common_all.o)
 .debug_frame   0x000016d0      0x120 ../libopencm3/libopencm3_stm32f1.a(flash_common_f01.o)
 .debug_frame   0x000017f0       0x40 ../libopencm3/libopencm3_stm32f1.a(vector.o)
 .debug_frame   0x00001830       0xd8 ../libopencm3/libopencm3_stm32f1.a(systick.o)
 .debug_frame   0x00001908       0xa0 ../libopencm3/libopencm3_stm32f1.a(nvic.o)

.debug_loc      0x00000000      0xf5d
 .debug_loc     0x00000000      0x179 ../libopencm3/libopencm3_stm32f1.a(gpio.o)
 .debug_loc     0x00000179      0x42c ../libopencm3/libopencm3_stm32f1.a(rcc.o)
 .debug_loc     0x000005a5      0x201 ../libopencm3/libopencm3_stm32f1.a(i2c_common_all.o)
 .debug_loc     0x000007a6      0x1ca ../libopencm3/libopencm3_stm32f1.a(usart_common_all.o)
 .debug_loc     0x00000970       0xd4 ../libopencm3/libopencm3_stm32f1.a(usart_common_f124.o)
 .debug_loc     0x00000a44      0x108 ../libopencm3/libopencm3_stm32f1.a(rcc_common_all.o)
 .debug_loc     0x00000b4c       0xd3 ../libopencm3/libopencm3_stm32f1.a(flash_common_f01.o)
 .debug_loc     0x00000c1f       0xdf ../libopencm3/libopencm3_stm32f1.a(vector.o)
 .debug_loc     0x00000cfe      0x136 ../libopencm3/libopencm3_stm32f1.a(systick.o)
 .debug_loc     0x00000e34      0x129 ../libopencm3/libopencm3_stm32f1.a(nvic.o)

.debug_macro    0x00000000     0x2c24
 .debug_macro   0x00000000       0xaa ../libopencm3/libopencm3_stm32f1.a(gpio.o)
 .debug_macro   0x000000aa       0x76 ../libopencm3/libopencm3_stm32f1.a(gpio.o)
 .debug_macro   0x00000120      0xdfd ../libopencm3/libopencm3_stm32f1.a(gpio.o)
 .debug_macro   0x00000f1d       0xd1 ../libopencm3/libopencm3_stm32f1.a(rcc.o)
 .debug_macro   0x00000fee       0x16 ../libopencm3/libopencm3_stm32f1.a(rcc.o)
 .debug_macro   0x00001004      0x825 ../libopencm3/libopencm3_stm32f1.a(rcc.o)
 .debug_macro   0x00001829       0xbd ../libopencm3/libopencm3_stm32f1.a(i2c_common_all.o)
 .debug_macro   0x000018e6      0x32c ../libopencm3/libopencm3_stm32f1.a(i2c_common_all.o)
 .debug_macro   0x00001c12       0xcc ../libopencm3/libopencm3_stm32f1.a(usart_common_all.o)
 .debug_macro   0x00001cde       0x8e ../libopencm3/libopencm3_stm32f1.a(usart_common_all.o)
 .debug_macro   0x00001d6c      0x273 ../libopencm3/libopencm3_stm32f1.a(usart_common_all.o)
 .debug_macro   0x00001fdf       0xcc ../libopencm3/libopencm3_stm32f1.a(usart_common_f124.o)
 .debug_macro   0x000020ab       0xc0 ../libopencm3/libopencm3_stm32f1.a(rcc_common_all.o)
 .debug_macro   0x0000216b       0xaa ../libopencm3/libopencm3_stm32f1.a(flash_common_f01.o)
 .debug_macro   0x00002215       0xc1 ../libopencm3/libopencm3_stm32f1.a(vector.o)
 .debug_macro   0x000022d6      0x3a1 ../libopencm3/libopencm3_stm32f1.a(vector.o)
 .debug_macro   0x00002677       0x6a ../libopencm3/libopencm3_stm32f1.a(vector.o)
 .debug_macro   0x000026e1      0x1a2 ../libopencm3/libopencm3_stm32f1.a(vector.o)
 .debug_macro   0x00002883       0x84 ../libopencm3/libopencm3_stm32f1.a(systick.o)
 .debug_macro   0x00002907       0x64 ../libopencm3/libopencm3_stm32f1.a(systick.o)
 .debug_macro   0x0000296b       0xa5 ../libopencm3/libopencm3_stm32f1.a(nvic.o)
 .debug_macro   0x00002a10       0x64 ../libopencm3/libopencm3_stm32f1.a(nvic.o)
 .debug_macro   0x00002a74      0x1b0 ../libopencm3/libopencm3_stm32f1.a(nvic.o)
